// Jest Snapshot v1, https://goo.gl/fbAQLP

exports[`Helpers findCertificateIdFromDocumentLinks should throw an error if the certificate id is not found 1`] = `"Related document Certificate not found"`;
